[super-tips-rho.vercel.app/index.html]
[backblue.gif]
[fade.gif]
[index.html]
[super-tips-rho.vercel.app/css/styles.css]
[kit.fontawesome.com/1e03d39da6.js]
[super-tips-rho.vercel.app/contact.html]
[super-tips-rho.vercel.app/dashboard.html]
[super-tips-rho.vercel.app/signIn.html]
[super-tips-rho.vercel.app/images/cloud3.png]
[super-tips-rho.vercel.app/images/cloud1.png]
[super-tips-rho.vercel.app/images/cloud2.png]
[super-tips-rho.vercel.app/images/landing-hero.png]
[super-tips-rho.vercel.app/images/landing-hero-detail.png]
[super-tips-rho.vercel.app/images/man.png]
[super-tips-rho.vercel.app/images/woman.png]
[super-tips-rho.vercel.app/index.html]
[super-tips-rho.vercel.app/css/styles.css]
[super-tips-rho.vercel.app/js/page.js]
[super-tips-rho.vercel.app/css/contact.css]
[super-tips-rho.vercel.app/index-2.html]
[super-tips-rho.vercel.app/contact.html]
[super-tips-rho.vercel.app/signUp.html]
[super-tips-rho.vercel.app/css/dashboard.css]
[super-tips-rho.vercel.app/profile.html]
[super-tips-rho.vercel.app/images/user.png]
[super-tips-rho.vercel.app/images/team1.png]
[super-tips-rho.vercel.app/images/team2.png]
[super-tips-rho.vercel.app/dashboard.html]
[cdn.jsdelivr.net/npm/chart.js]
[super-tips-rho.vercel.app/signIn.html]
[super-tips-rho.vercel.app/css/contact.css]
[super-tips-rho.vercel.app/index-2.html]
[super-tips-rho.vercel.app/css/signIn.css]
[super-tips-rho.vercel.app/signUp.html]
[super-tips-rho.vercel.app/css/dashboard.css]
[super-tips-rho.vercel.app/css/signup.css]
[super-tips-rho.vercel.app/profile.html]
[super-tips-rho.vercel.app/css/signIn.css]
[super-tips-rho.vercel.app/css/signup.css]
[super-tips-rho.vercel.app/css/profile.css]
[super-tips-rho.vercel.app/css/profile.css]
